16:13:13 **** Incremental Build of configuration Debug for project snake_game ****
make all 
make: Nothing to be done for 'all'.
16:13:36 **** Incremental Build of configuration Debug for project snake_game ****
make all 
make: Nothing to be done for 'all'.
14:22:12 **** Incremental Build of configuration Debug for project snake_game ****
make all 
'Building file: ../src/main.c'
'Invoking: MicroBlaze gcc compiler'
mb-gcc -Wall -O0 -g3 -c -fmessage-length=0 -MT"src/main.o" -I../../snake_game_bsp/microblaze_0/include -mlittle-endian -mcpu=v11.0 -mxl-soft-mul -Wl,--no-relax -ffunction-sections -fdata-sections -MMD -MP -MF"src/main.d" -MT"src/main.o" -o "src/main.o" "../src/main.c"
'Finished building: ../src/main.c'
' '
'Building target: snake_game.elf'
'Invoking: MicroBlaze gcc linker'
mb-gcc -Wl,-T -Wl,../src/lscript.ld -L../../snake_game_bsp/microblaze_0/lib -mlittle-endian -mcpu=v11.0 -mxl-soft-mul -Wl,--no-relax -Wl,--gc-sections -o "snake_game.elf"  ./src/main.o   -Wl,--start-group,-lxil,-lgcc,-lc,--end-group
'Finished building target: snake_game.elf'
' '
'Invoking: MicroBlaze Print Size'
mb-size snake_game.elf  |tee "snake_game.elf.size"
   text	   data	    bss	    dec	    hex	filename
   9160	    328	   3264	  12752	   31d0	snake_game.elf
'Finished building: snake_game.elf.size'
' '
14:28:40 **** Incremental Build of configuration Debug for project snake_game ****
make all 
make: Nothing to be done for 'all'.
